   Compiling proc-macro2 v1.0.107
   Compiling unicode-ident v1.0.24
   Compiling quote v1.0.47
   Compiling siphasher v1.0.3
   Compiling serde_core v1.0.229
   Compiling phf_shared v0.14.0
   Compiling zmij v1.0.23
   Compiling rustversion v1.0.23
   Compiling serde v1.0.229
   Compiling allocator-api2 v0.2.21
   Compiling itoa v1.0.18
   Compiling syn v3.0.5
   Compiling castaway v0.2.4
   Compiling oxc_data_structures v0.148.0
   Compiling cfg-if v1.0.4
   Compiling hashbrown v0.17.1
   Compiling rustc-hash v2.1.3
   Compiling static_assertions v1.1.0
   Compiling compact_str v0.10.0
   Compiling oxc_allocator v0.148.0
   Compiling phf v0.14.0
   Compiling oxc_estree v0.148.0
   Compiling fastrand v2.5.0
   Compiling phf_generator v0.14.0
   Compiling syn v2.0.119
   Compiling oxc_str v0.148.0
   Compiling cow-utils v0.1.3
   Compiling unicode-width v0.2.2
   Compiling unicode-linebreak v0.1.5
   Compiling dragonbox_ecma v0.1.12
   Compiling autocfg v1.5.1
   Compiling memchr v2.8.3
   Compiling smawk v0.3.3
   Compiling textwrap v0.16.2
   Compiling num-traits v0.2.19
   Compiling bitflags v2.13.1
   Compiling percent-encoding v2.3.2
   Compiling serde_derive v1.0.229
   Compiling oxc_ast_macros v0.148.0
   Compiling nonmax v0.5.5
   Compiling unicode-id-start v1.4.0
   Compiling bytecount v0.6.9
   Compiling oxc_span v0.148.0
   Compiling unicode-segmentation v1.13.3
   Compiling libc v0.2.189
   Compiling phf_macros v0.14.0
   Compiling num-integer v0.1.47
   Compiling num-bigint v0.5.1
   Compiling serde_json v1.0.151
   Compiling signal-hook v0.4.4
   Compiling errno v0.3.14
   Compiling seq-macro v0.3.6
   Compiling signal-hook-registry v1.4.8
   Compiling glob v0.3.3
   Compiling smallvec v1.16.0
   Compiling oxc_index v5.0.0
   Compiling oxc_diagnostics v0.148.0
   Compiling oxc_syntax v0.148.0
   Compiling oxc_regular_expression v0.148.0
   Compiling oxc_ast v0.148.0
   Compiling oxc_ecmascript v0.148.0
   Compiling oxc_ast_visit v0.148.0
   Compiling oxc_parser v0.148.0
   Compiling seshat-proofs v0.0.0 (<runner-work>/seshat/benchmarks/proofs)
    Finished `release` profile [optimized] target(s) in 41.19s
{
  "tarball": "<runner-work>/seshat/work/npm-pack-LbMf7G/binary-balance-seshat-0.0.0.tgz",
  "proofBinary": "<runner-work>/seshat/work/npm-pack-LbMf7G/target/x86_64-unknown-linux-gnu/release/seshat-proofs",
  "binary": "7a16e50a4e910467da94f44306003f2bc2633dffe7986a69d6fee14d3df0522a",
  "binaryBytes": 2449008,
  "packedBytes": 973904,
  "unpackedBytes": 2949222,
  "integrity": "sha512-lj0kU1J1slzevK6RzarFEii5lE9OuZv97IKX6MIgwk9EmvXLwj+MSi/L/AM6pMAZJJ2NZqiFFF7c4qmNf/MaXw==",
  "files": [
    {
      "path": "BUILD.json",
      "size": 7692,
      "mode": 420
    },
    {
      "path": "LICENSE",
      "size": 1074,
      "mode": 420
    },
    {
      "path": "README.md",
      "size": 5586,
      "mode": 420
    },
    {
      "path": "THIRD_PARTY_NOTICES.txt",
      "size": 485480,
      "mode": 420
    },
    {
      "path": "bin/seshat",
      "size": 2449008,
      "mode": 493
    },
    {
      "path": "package.json",
      "size": 382,
      "mode": 420
    }
  ]
}
